BL51 BANKED LINKER/LOCATER V6.22                                                        04/12/2012  08:42:58  PAGE 1


BL51 BANKED LINKER/LOCATER V6.22, INVOKED BY:
C:\KEIL4\C51\BIN\BL51.EXE ..\..\Output\beep_test01.obj TO ..\..\Output\test01 PRINT (.\test01.m51) RAMSIZE (256)


MEMORY MODEL: SMALL


INPUT MODULES INCLUDED:
  ..\..\Output\beep_test01.obj (BEEP_TEST01)
  C:\KEIL4\C51\LIB\C51S.LIB (?C_STARTUP)


LINK MAP OF MODULE:  ..\..\Output\test01 (BEEP_TEST01)


            TYPE    BASE      LENGTH    RELOCATION   SEGMENT NAME
            -----------------------------------------------------

            * * * * * * *   D A T A   M E M O R Y   * * * * * * *
            REG     0000H     0008H     ABSOLUTE     "REG BANK 0"
            IDATA   0008H     0001H     UNIT         ?STACK

            * * * * * * *   C O D E   M E M O R Y   * * * * * * *
            CODE    0000H     0003H     ABSOLUTE     
            CODE    0003H     0025H     UNIT         ?PR?MAIN?BEEP_TEST01
            CODE    0028H     001FH     UNIT         ?PR?_DELAYST?BEEP_TEST01
            CODE    0047H     001FH     UNIT         ?PR?_DELAY?BEEP_TEST01
            CODE    0066H     000CH     UNIT         ?C_C51STARTUP



OVERLAY MAP OF MODULE:   ..\..\Output\test01 (BEEP_TEST01)


SEGMENT
  +--> CALLED SEGMENT
---------------------
?C_C51STARTUP
  +--> ?PR?MAIN?BEEP_TEST01

?PR?MAIN?BEEP_TEST01
  +--> ?PR?_DELAYST?BEEP_TEST01
  +--> ?PR?_DELAY?BEEP_TEST01



SYMBOL TABLE OF MODULE:  ..\..\Output\test01 (BEEP_TEST01)

  VALUE           TYPE          NAME
  ----------------------------------

  -------         MODULE        BEEP_TEST01
  C:0000H         SYMBOL        _ICE_DUMMY_
  D:0080H         PUBLIC        P0
  D:00B0H         PUBLIC        P3
  C:0047H         PUBLIC        _delay
  B:00B0H.6       PUBLIC        BEEP
  C:0003H         PUBLIC        main
BL51 BANKED LINKER/LOCATER V6.22                                                      04/12/2012  08:42:58  PAGE 2


  B:0080H.0       PUBLIC        L00
  C:0028H         PUBLIC        _delayst
  -------         PROC          _DELAYST
  D:0006H         SYMBOL        i
  -------         DO            
  D:0004H         SYMBOL        j
  -------         ENDDO         
  C:0028H         LINE#         6
  C:0028H         LINE#         7
  C:0028H         LINE#         9
  C:0031H         LINE#         10
  C:0046H         LINE#         11
  C:0046H         LINE#         12
  -------         ENDPROC       _DELAYST
  -------         PROC          _DELAY
  D:0006H         SYMBOL        i
  -------         DO            
  D:0004H         SYMBOL        j
  -------         ENDDO         
  C:0047H         LINE#         14
  C:0047H         LINE#         15
  C:0047H         LINE#         17
  C:0050H         LINE#         18
  C:0065H         LINE#         19
  C:0065H         LINE#         20
  -------         ENDPROC       _DELAY
  -------         PROC          MAIN
  -------         DO            
  D:0002H         SYMBOL        j
  -------         ENDDO         
  C:0003H         LINE#         22
  C:0003H         LINE#         23
  C:0003H         LINE#         25
  C:0003H         LINE#         26
  C:0003H         LINE#         27
  C:0005H         LINE#         28
  C:0009H         LINE#         29
  C:0009H         LINE#         30
  C:000BH         LINE#         31
  C:0012H         LINE#         32
  C:001BH         LINE#         33
  C:001DH         LINE#         34
  C:001FH         LINE#         35
  C:0026H         LINE#         36
  -------         ENDPROC       MAIN
  -------         ENDMOD        BEEP_TEST01

Program Size: data=9.0 xdata=0 code=114
LINK/LOCATE RUN COMPLETE.  0 WARNING(S),  0 ERROR(S)
